// Jest Snapshot v1, https://goo.gl/fbAQLP

exports[`Header renders correctly 1`] = `
<a
  className="link "
  href="/https:/gatsby-sseon-starter.netlify.com/"
  onClick={[Function]}
  onMouseEnter={[Function]}
>
  Button
</a>
`;
